// Jest Snapshot v1, https://goo.gl/fbAQLP

exports[`Test crossenv helper... Should get the runnable path of a crossenv binary file 1`] = `"node node_modules\\\\cross-env\\\\src\\\\bin\\\\cross-env.js NODE_ENV=test jest"`;
